DSD|READY|0.1.0|0dd9987a
DSD|LOG|ctrl create
DSD|LOG|a create
DSD|LOG|a create
DSD|LOG|b create
DSD|LOG|ctrl game_start
DSD|LOG|ctrl room_start
DSD|MEM|inst=3/512,arena=0/512,heapfree=0,snd=0/768,objvram_top=0/128,objvram_bot=0/128,pal16_top=0/16,pal256_top=0/16,pal16_bot=0/16,pal256_bot=0/16,cstack=0/0,predecode=1/256
DSD|LOG|ctrl begin
DSD|LOG|ctrl step
DSD|LOG|a step
DSD|LOG|a step
DSD|LOG|ctrl end
DSD|LOG|ctrl begin
DSD|LOG|ctrl alarm 0
DSD|LOG|a create
DSD|LOG|b create
DSD|LOG|ctrl step
DSD|LOG|a step
DSD|LOG|a step
DSD|LOG|a step
DSD|LOG|ctrl end
DSD|LOG|ctrl begin
DSD|LOG|ctrl step
DSD|LOG|a step
DSD|LOG|a step
DSD|LOG|a step
DSD|LOG|ctrl end
